Diagnose log at 2026-07-17T16:49:11Z

AppPath: C:\Program Files\Git\mingw64\bin\git-credential-manager.exe
InstallDir: C:\Program Files\Git\mingw64\bin\
Version: 2.8.0+d5e8a3442d48cc5efe7014e093e44242c0bd395f

------------
Diagnostic: Environment
Skipped: False
Success: True
Exception: None
Log:
OSType: Windows
OSVersion: 10.0 (build 19045)
Reading environment variables... OK
 Variables:
OneDriveConsumer=C:\Users\USER NAME\OneDrive
ProgramFiles(x86)=C:\Program Files (x86)
MSYSTEM=MINGW64
ProgramW6432=C:\Program Files
EXEPATH=C:\Program Files\Git
PROCESSOR_IDENTIFIER=Intel64 Family 6 Model 142 Stepping 9, GenuineIntel
PKG_CONFIG_SYSTEM_LIBRARY_PATH=C:/Program Files/Git/mingw64/lib
APPDATA=C:\Users\USER NAME\AppData\Roaming
TMP=C:\Users\USERNA~1\AppData\Local\Temp
PROCESSOR_ARCHITECTURE=AMD64
INFOPATH=C:\Program Files\Git\mingw64\local\info;C:\Program Files\Git\mingw64\share\info;C:\Program Files\Git\usr\local\info;C:\Program Files\Git\usr\share\info;C:\Program Files\Git\usr\info;C:\Program Files\Git\share\info
PATHEXT=.COM;.EXE;.BAT;.CMD;.VBS;.VBE;.JS;.JSE;.WSF;.WSH;.MSC
USERPROFILE=C:\Users\USER NAME
PWD=D:/repo-remoto/samuel-programador
CONFIG_SITE=C:/Program Files/Git/etc/config.site
PROCESSOR_REVISION=8e09
OLDPWD=D:/repo-remoto
TEMP=C:\Users\USERNA~1\AppData\Local\Temp
FPS_BROWSER_APP_PROFILE_STRING=Internet Explorer
FPS_BROWSER_USER_PROFILE_STRING=Default
LOGONSERVER=\\DESKTOP-1S35NJE
TERM=xterm-256color
USERNAME=USER NAME
ProgramData=C:\ProgramData
GIT_EXEC_PATH=C:/Program Files/Git/mingw64/libexec/git-core
PLINK_PROTOCOL=ssh
COMMONPROGRAMFILES=C:\Program Files\Common Files
_=C:/Program Files/Git/mingw64/bin/git
PATH=C:/Program Files/Git/mingw64/libexec/git-core;C:\Users\USER NAME\bin;C:\Program Files\Git\mingw64\bin;C:\Program Files\Git\usr\local\bin;C:\Program Files\Git\usr\bin;C:\Program Files\Git\usr\bin;C:\Program Files\Git\mingw64\bin;C:\Program Files\Git\usr\bin;C:\Users\USER NAME\bin;C:\Windows\system32;C:\Windows;C:\Windows\System32\Wbem;C:\Windows\System32\WindowsPowerShell\v1.0;C:\Windows\System32\OpenSSH;C:\Program Files\Git\cmd;C:\Users\USER NAME\AppData\Local\Microsoft\WindowsApps;C:\Users\USER NAME\AppData\Local\Programs\Microsoft VS Code\bin;C:\Program Files\Git\usr\bin\vendor_perl;C:\Program Files\Git\usr\bin\core_perl
OneDrive=C:\Users\USER NAME\OneDrive
LOCALAPPDATA=C:\Users\USER NAME\AppData\Local
MSYSTEM_CARCH=x86_64
CommonProgramFiles(x86)=C:\Program Files (x86)\Common Files
ZES_ENABLE_SYSMAN=1
PKG_CONFIG_SYSTEM_INCLUDE_PATH=C:/Program Files/Git/mingw64/include
PROCESSOR_LEVEL=6
MINGW_CHOST=x86_64-w64-mingw32
HOSTNAME=DESKTOP-1S35NJE
HOMEPATH=\Users\USER NAME
DISPLAY=needs-to-be-defined
MANPATH=C:\Program Files\Git\mingw64\local\man;C:\Program Files\Git\mingw64\share\man;C:\Program Files\Git\usr\local\man;C:\Program Files\Git\usr\share\man;C:\Program Files\Git\usr\man;C:\Program Files\Git\share\man
WINDIR=C:\Windows
USERDOMAIN=DESKTOP-1S35NJE
ORIGINAL_TMP=C:/Users/USERNA~1/AppData/Local/Temp
ALLUSERSPROFILE=C:\ProgramData
CommonProgramW6432=C:\Program Files\Common Files
SYSTEMROOT=C:\Windows
NUMBER_OF_PROCESSORS=4
SHELL=C:\Program Files\Git\usr\bin\bash.exe
PROGRAMFILES=C:\Program Files
SHLVL=1
SESSIONNAME=Console
DriverData=C:\Windows\System32\Drivers\DriverData
HOMEDRIVE=C:
GIT_TRACE2_PARENT_SID=69b5bdf3-00b7-4c5a-9bc4-fc9d64b2bcdc
ACLOCAL_PATH=C:\Program Files\Git\mingw64\share\aclocal;C:\Program Files\Git\usr\share\aclocal
ORIGINAL_PATH=C:\Program Files\Git\mingw64\bin;C:\Program Files\Git\usr\bin;C:\Users\USER NAME\bin;C:\Windows\system32;C:\Windows;C:\Windows\System32\Wbem;C:\Windows\System32\WindowsPowerShell\v1.0;C:\Windows\System32\OpenSSH;C:\Program Files\Git\cmd;C:\Users\USER NAME\AppData\Local\Microsoft\WindowsApps;C:\Users\USER NAME\AppData\Local\Programs\Microsoft VS Code\bin
OS=Windows_NT
MSYSTEM_PREFIX=C:/Program Files/Git/mingw64
MSYSTEM_CHOST=x86_64-w64-mingw32
MINGW_PREFIX=C:/Program Files/Git/mingw64
ORIGINAL_TEMP=C:/Users/USERNA~1/AppData/Local/Temp
HOME=C:\Users\USER NAME
SYSTEMDRIVE=C:
PSModulePath=C:\Program Files\WindowsPowerShell\Modules;C:\Windows\system32\WindowsPowerShell\v1.0\Modules
TMPDIR=C:\Users\USERNA~1\AppData\Local\Temp
MINGW_PACKAGE_PREFIX=mingw-w64-x86_64
PS1=\[\033]0;$TITLEPREFIX:$PWD\007\]\n\[\033[32m\]\u@\h \[\033[35m\]$MSYSTEM \[\033[33m\]\w\[\033[36m\]`__git_ps1`\[\033[0m\]\n$ 
COMPUTERNAME=DESKTOP-1S35NJE
LC_CTYPE=es_MX.UTF-8
SSH_ASKPASS=C:/Program Files/Git/mingw64/bin/git-askpass.exe
COMSPEC=C:\Windows\system32\cmd.exe
PKG_CONFIG_PATH=C:\Program Files\Git\mingw64\lib\pkgconfig;C:\Program Files\Git\mingw64\share\pkgconfig
TERM_PROGRAM_VERSION=3.8.3
USERDOMAIN_ROAMINGPROFILE=DESKTOP-1S35NJE
PUBLIC=C:\Users\Public
TERM_PROGRAM=mintty


------------
Diagnostic: File system
Skipped: False
Success: True
Exception: None
Log:
Temporary directory is 'C:\Users\USER NAME\AppData\Local\Temp\'...
Checking basic file I/O...
Writing to temporary file 'C:\Users\USER NAME\AppData\Local\Temp\e1f341489d37d429864b60eb'... OK
Reading from temporary file 'C:\Users\USER NAME\AppData\Local\Temp\e1f341489d37d429864b60eb'... OK
Deleting temporary file 'C:\Users\USER NAME\AppData\Local\Temp\e1f341489d37d429864b60eb'... OK
Testing IFileSystem instance...
UserHomePath: C:\Users\USER NAME
UserDataDirectoryPath: C:\Users\USER NAME\.gcm
GetCurrentDirectory(): D:\repo-remoto\samuel-programador

------------
Diagnostic: Networking
Skipped: False
Success: True
Exception: None
Log:
Checking networking and HTTP stack...
Creating HTTP client... OK
IsNetworkAvailable: True
Sending HEAD request to http://example.com... OK
Sending HEAD request to https://example.com... OK
Acquiring free TCP port... OK
Testing local HTTP loopback connections...
Creating new HTTP listener for http://localhost:61507/... OK
Waiting for loopback connection... OK
Writing response... OK
Waiting for response data... OK
Loopback connection data OK

------------
Diagnostic: Git
Skipped: False
Success: True
Exception: None
Log:
Getting Git version... OK
Git version is '2.55.0.windows.2'
Locating current repository...Git repository at 'D:/repo-remoto/samuel-programador/.git'
 OK
Listing all Git configuration... OK
Git configuration:
file:C:/Program Files/Git/etc/gitconfig	diff.astextplain.textconv=astextplain
file:C:/Program Files/Git/etc/gitconfig	filter.lfs.clean=git-lfs clean -- %f
file:C:/Program Files/Git/etc/gitconfig	filter.lfs.smudge=git-lfs smudge -- %f
file:C:/Program Files/Git/etc/gitconfig	filter.lfs.process=git-lfs filter-process
file:C:/Program Files/Git/etc/gitconfig	filter.lfs.required=true
file:C:/Program Files/Git/etc/gitconfig	http.sslbackend=schannel
file:C:/Program Files/Git/etc/gitconfig	core.autocrlf=true
file:C:/Program Files/Git/etc/gitconfig	core.fscache=true
file:C:/Program Files/Git/etc/gitconfig	core.symlinks=false
file:C:/Program Files/Git/etc/gitconfig	pull.rebase=false
file:C:/Program Files/Git/etc/gitconfig	credential.helper=manager
file:C:/Program Files/Git/etc/gitconfig	credential.https://dev.azure.com.usehttppath=true
file:C:/Program Files/Git/etc/gitconfig	init.defaultbranch=master
file:C:/Users/USER NAME/.gitconfig	user.name=samuel minyety
file:C:/Users/USER NAME/.gitconfig	user.mail=samuelminyety299@gmail.com
file:C:/Users/USER NAME/.gitconfig	user.email=samuelminyety299@gmail.com
file:C:/Users/USER NAME/.gitconfig	core.editor=code --wait
file:C:/Users/USER NAME/.gitconfig	core.autocrlf=true
file:C:/Users/USER NAME/.gitconfig	core.abbrev=5
file:C:/Users/USER NAME/.gitconfig	core.excludesfile=D:/.gitignore_global
file:C:/Users/USER NAME/.gitconfig	color.ui=true
file:C:/Users/USER NAME/.gitconfig	alias.log-mejorado=log --oneline --graph --all --pretty='format:%C(auto)%h%d %s %C(black)%C(bold)%cr'
file:C:/Users/USER NAME/.gitconfig	alias.log-simple=log --oneline --graph --all
file:.git/config	core.repositoryformatversion=0
file:.git/config	core.filemode=false
file:.git/config	core.bare=false
file:.git/config	core.logallrefupdates=true
file:.git/config	core.symlinks=false
file:.git/config	core.ignorecase=true
file:.git/config	remote.origin.url=https://github.com/samuelminyety299-ux/samuel-programador.git
file:.git/config	remote.origin.fetch=+refs/heads/*:refs/remotes/origin/*
file:.git/config	branch.master.remote=origin
file:.git/config	branch.master.merge=refs/heads/master
file:.git/config	branch.master.vscode-merge-base=origin/master


------------
Diagnostic: Credential storage
Skipped: False
Success: True
Exception: None
Log:
ICredentialStore instance is of type: CredentialStore
Writing test credential... OK
Reading test credential... OK
Deleting test credential... OK

------------
Diagnostic: Microsoft authentication (AAD/MSA)
Skipped: False
Success: True
Exception: None
Log:
Broker is not enabled.
Flow type is: Auto
Gathering MSAL token cache data... OK
CacheDirectory: C:\Users\USER NAME\AppData\Local\.IdentityService
CacheFileName: msal.cache
CacheFilePath: C:\Users\USER NAME\AppData\Local\.IdentityService\msal.cache
Creating cache helper... OK
Verifying MSAL token cache persistence... OK

------------
Diagnostic: GitHub API
Skipped: False
Success: True
Exception: None
Log:
Using 'https://github.com/' as API target.
Querying '/meta' endpoint... OK

